// Jest Snapshot v1, https://goo.gl/fbAQLP

exports[`loading view shows loading view on dom 1`] = `"<h1>Loading...</h1>"`;
